// Jest Snapshot v1, https://goo.gl/fbAQLP

exports[`Banner component renders the correct text in the h1 tag 1`] = `undefined`;
